<html>
<body>
<pre>
<h1>µVision Build Log</h1>
<h2>Tool Versions:</h2>
IDE-Version: µVision V5.22.0.0
Copyright (C) 2016 ARM Ltd and ARM Germany GmbH. All rights reserved.
License Information: VarvaR VarvaR, HELL, LIC=6XJII-TSKCH-JM298-39ENI-C7LGV-I9R1E
 
Tool Versions:
Toolchain:       MDK-ARM Professional  Version: 5.22
Toolchain Path:  D:\Programs\Keil_v5\ARM\ARMCC\Bin
C Compiler:      Armcc.exe V5.06 update 4 (build 422)
Assembler:       Armasm.exe V5.06 update 4 (build 422)
Linker/Locator:  ArmLink.exe V5.06 update 4 (build 422)
Library Manager: ArmAr.exe V5.06 update 4 (build 422)
Hex Converter:   FromElf.exe V5.06 update 4 (build 422)
CPU DLL:         SARMCM3.DLL V5.22
Dialog DLL:      DCM.DLL V1.13.9.0
Target DLL:      STLink\ST-LINKIII-KEIL_SWO.dll V2.0.18.0
Dialog DLL:      TCM.DLL V1.21.0.0
 
<h2>Project:</h2>
D:\projects\moto\keil\v2\v2.uvprojx
Project File Date:  03/29/2018

<h2>Output:</h2>
*** Using Compiler 'V5.06 update 4 (build 422)', folder: 'D:\Programs\Keil_v5\ARM\ARMCC\Bin'
Build target 'Target 1'
compiling main.c...
main.c(1052): warning:  #223-D: function "abs" declared implicitly
                          tda_set_treb[30] = abs(TDA_treble.atteniation/10) + 0x30;
main.c(1057): warning:  #223-D: function "abs" declared implicitly
                      i2c_buff[1] = 0x80 | ((TDA_treble.center_freq << 5)&0x60) | (TDA_treble.atteniation > 0 ? (TDA_treble.atteniation | 0x10):(abs(TDA_treble.atteniation)));
main.c(1084): warning:  #223-D: function "abs" declared implicitly
                              tda_set_midd[30] = abs(TDA_middle.atteniation/10) + 0x30;
main.c(1102): warning:  #223-D: function "abs" declared implicitly
                      i2c_buff[1] = ((TDA_middle.Q_factot << 5) & 0x60) | ((TDA_middle.atteniation > 0 ? (TDA_middle.atteniation | 0x10):(abs(TDA_middle.atteniation))) & 0x1F);
main.c(1157): warning:  #223-D: function "abs" declared implicitly
                              tda_set_bass[29] = abs(TDA_bass.atteniation/10) + 0x30;
main.c(1182): warning:  #223-D: function "abs" declared implicitly
                      i2c_buff[1] = ((TDA_bass.Q_factot << 5) & 0x60) | ((TDA_bass.atteniation > 0 ? (TDA_bass.atteniation | 0x10):(abs(TDA_bass.atteniation))) & 0x1F);
main.c(1400): warning:  #223-D: function "abs" declared implicitly
                          tda_set_treb[30] = abs(TDA_treble.atteniation/10) + 0x30;
main.c(1405): warning:  #223-D: function "abs" declared implicitly
                      i2c_buff[1] = 0x80 | ((TDA_treble.center_freq << 5)&0x60) | (TDA_treble.atteniation > 0 ? (TDA_treble.atteniation | 0x10):(abs(TDA_treble.atteniation)));
main.c(1434): warning:  #223-D: function "abs" declared implicitly
                              tda_set_midd[30] = abs(TDA_middle.atteniation/10) + 0x30;
main.c(1455): warning:  #223-D: function "abs" declared implicitly
                      i2c_buff[1] = ((TDA_middle.Q_factot << 5) & 0x60) | ((TDA_middle.atteniation > 0 ? (TDA_middle.atteniation | 0x10):(abs(TDA_middle.atteniation))) & 0x1F);
main.c(1512): warning:  #223-D: function "abs" declared implicitly
                              tda_set_bass[29] = abs(TDA_bass.atteniation/10) + 0x30;
main.c(1539): warning:  #223-D: function "abs" declared implicitly
                      i2c_buff[1] = ((TDA_bass.Q_factot << 5) & 0x60) | ((TDA_bass.atteniation > 0 ? (TDA_bass.atteniation | 0x10):(abs(TDA_bass.atteniation))) & 0x1F);
main.c(1888): warning:  #223-D: function "abs" declared implicitly
                          tda_set_treb[30] = abs(TDA_treble.atteniation/10) + 0x30;
main.c(1905): warning:  #223-D: function "abs" declared implicitly
                          tda_set_midd[30] = abs(TDA_middle.atteniation/10) + 0x30;
main.c(1949): warning:  #223-D: function "abs" declared implicitly
                          tda_set_bass[29] = abs(TDA_bass.atteniation/10) + 0x30;
main.c(2600): warning:  #223-D: function "abs" declared implicitly
      init_buff[5] = 0x80 | ((TDA_treble.center_freq << 5)&0x60) | (TDA_treble.atteniation > 0 ? (TDA_treble.atteniation | 0x10):(abs(TDA_treble.atteniation))); // Ref out ext + treble off;
main.c: 16 warnings, 0 errors
linking...
Program Size: Code=20110 RO-data=430 RW-data=1732 ZI-data=1684  
FromELF: creating hex file...
".\Objects\v2.axf" - 0 Error(s), 16 Warning(s).

<h2>Software Packages used:</h2>

Package Vendor: ARM
                http://www.keil.com/pack/ARM.CMSIS.5.0.0.pack
                ARM::CMSIS:CORE:5.0.0
                CMSIS (Cortex Microcontroller Software Interface Standard)
   * Component: CORE Version: 5.0.0

Package Vendor: Keil
                http://www.keil.com/pack/Keil.STM32F4xx_DFP.2.11.0.pack
                ::Device:STM32Cube Framework:1.0.0 (API)
                STMicroelectronics STM32F4 Series Device Support, Drivers and Examples
   * Component: STM32Cube Framework Version: 1.0.0
   * Component: Startup Version: 2.6.0
   * Component: Classic Version: 1.6.0
   * Component: Cortex Version: 1.6.0
   * Component: ADC Version: 1.6.0
   * Component: GPIO Version: 1.6.0
   * Component: I2C Version: 1.6.0
   * Component: Common Version: 1.6.0
   * Component: DMA Version: 1.6.0
   * Component: UART Version: 1.6.0
   * Component: WWDG Version: 1.6.0
   * Component: RCC Version: 1.6.0
   * Component: PWR Version: 1.6.0
   * Component: TIM Version: 1.6.0
   * Component: USART Version: 1.6.0
   * Component: RTC Version: 1.6.0

<h2>Collection of Component include folders:</h2>
  D:\projects\moto\keil\v2\RTE\Device\STM32F405RGTx
  D:\projects\moto\keil\v2\RTE\_Target_1
  D:\Programs\Keil_v5\ARM\PACK\ARM\CMSIS\5.0.0\CMSIS\Include
  D:\Programs\Keil_v5\ARM\PACK\Keil\STM32F4xx_DFP\2.11.0\Drivers\CMSIS\Device\ST\STM32F4xx\Include
  D:\Programs\Keil_v5\ARM\PACK\Keil\STM32F4xx_DFP\2.11.0\Drivers\STM32F4xx_HAL_Driver\Inc

<h2>Collection of Component Files used:</h2>

   * Component: ARM::CMSIS:CORE:5.0.0

   * Component: ::Device:STM32Cube Framework:1.0.0 (API)

   * Component: Keil::Device:Startup:2.6.0
      Source file:   MDK\Device\Source\ARM\STM32F40xxx_41xxx_OPT.s
      Source file:   MDK\Device\Source\ARM\STM32F4xx_OTP.s
      Source file:   Drivers\CMSIS\Device\ST\STM32F4xx\Source\Templates\arm\startup_stm32f405xx.s
      Include file:  Drivers\CMSIS\Device\ST\STM32F4xx\Include\stm32f4xx.h
      Source file:   Drivers\CMSIS\Device\ST\STM32F4xx\Source\Templates\system_stm32f4xx.c

   * Component: Keil::Device:STM32Cube Framework:Classic:1.6.0
      Include file:  CMSIS\Driver\Config\RTE_Device.h
      Source file:   MDK\Templates\Src\stm32f4xx_hal_msp.c
      Include file:  MDK\Templates\Inc\stm32f4xx_hal_conf.h
      Include file:  MDK\Templates\Inc\stm32f4xx_it.h
      Source file:   MDK\Templates\Src\main.c
      Source file:   MDK\Templates\Src\stm32f4xx_it.c
      Include file:  MDK\Templates\Inc\main.h

   * Component: Keil::Device:STM32Cube HAL:Cortex:1.6.0
      Source file:   Drivers\STM32F4xx_HAL_Driver\Src\stm32f4xx_hal_cortex.c

   * Component: Keil::Device:STM32Cube HAL:ADC:1.6.0
      Source file:   Drivers\STM32F4xx_HAL_Driver\Src\stm32f4xx_hal_adc_ex.c
      Source file:   Drivers\STM32F4xx_HAL_Driver\Src\stm32f4xx_hal_adc.c

   * Component: Keil::Device:STM32Cube HAL:GPIO:1.6.0
      Source file:   Drivers\STM32F4xx_HAL_Driver\Src\stm32f4xx_hal_gpio.c

   * Component: Keil::Device:STM32Cube HAL:I2C:1.6.0
      Source file:   Drivers\STM32F4xx_HAL_Driver\Src\stm32f4xx_hal_i2c.c

   * Component: Keil::Device:STM32Cube HAL:Common:1.6.0
      Include file:  Drivers\STM32F4xx_HAL_Driver\Inc\stm32f4xx_hal.h
      Source file:   Drivers\STM32F4xx_HAL_Driver\Src\stm32f4xx_hal.c

   * Component: Keil::Device:STM32Cube HAL:DMA:1.6.0
      Source file:   Drivers\STM32F4xx_HAL_Driver\Src\stm32f4xx_hal_dma.c
      Source file:   Drivers\STM32F4xx_HAL_Driver\Src\stm32f4xx_hal_dma_ex.c

   * Component: Keil::Device:STM32Cube HAL:UART:1.6.0
      Source file:   Drivers\STM32F4xx_HAL_Driver\Src\stm32f4xx_hal_uart.c

   * Component: Keil::Device:STM32Cube HAL:WWDG:1.6.0
      Source file:   Drivers\STM32F4xx_HAL_Driver\Src\stm32f4xx_hal_wwdg.c

   * Component: Keil::Device:STM32Cube HAL:RCC:1.6.0
      Source file:   Drivers\STM32F4xx_HAL_Driver\Src\stm32f4xx_hal_rcc_ex.c
      Source file:   Drivers\STM32F4xx_HAL_Driver\Src\stm32f4xx_hal_rcc.c

   * Component: Keil::Device:STM32Cube HAL:PWR:1.6.0
      Source file:   Drivers\STM32F4xx_HAL_Driver\Src\stm32f4xx_hal_pwr.c
      Source file:   Drivers\STM32F4xx_HAL_Driver\Src\stm32f4xx_hal_pwr_ex.c

   * Component: Keil::Device:STM32Cube HAL:TIM:1.6.0
      Source file:   Drivers\STM32F4xx_HAL_Driver\Src\stm32f4xx_hal_tim_ex.c
      Source file:   Drivers\STM32F4xx_HAL_Driver\Src\stm32f4xx_hal_tim.c

   * Component: Keil::Device:STM32Cube HAL:USART:1.6.0
      Source file:   Drivers\STM32F4xx_HAL_Driver\Src\stm32f4xx_hal_usart.c

   * Component: Keil::Device:STM32Cube HAL:RTC:1.6.0
      Source file:   Drivers\STM32F4xx_HAL_Driver\Src\stm32f4xx_hal_rtc_ex.c
      Source file:   Drivers\STM32F4xx_HAL_Driver\Src\stm32f4xx_hal_rtc.c
Build Time Elapsed:  00:00:03
</pre>
</body>
</html>
